// Jest Snapshot v1, https://goo.gl/fbAQLP

exports[`chatMessagesReducer test suite should return default state 1`] = `Array []`;
